// Jest Snapshot v1, https://goo.gl/fbAQLP

exports[`Spinner component renders correctly 1`] = `
<DocumentFragment>
  <div
    class="sc-beySbM iwRbkc"
  />
</DocumentFragment>
`;
