// Jest Snapshot v1, https://goo.gl/fbAQLP

exports[`UserPage component redirects to root route on back link click 1`] = `<DocumentFragment />`;

exports[`UserPage component renders user information and repositories 1`] = `
<DocumentFragment>
  <main
    class="sc-guDLRT fLwWYZ"
  >
    <div
      class="sc-dmyDGi kYKMGh"
    >
      <img
        class="sc-hLQRIN cHviBY"
        data-testid="user-avatar"
        src="https://example.com/avatar.png"
      />
      <h1
        class="sc-eDLJxc eZzYKw"
        data-testid="user-name"
      >
        Test User
      </h1>
      <p
        class="sc-jTQDnj jDKHBq"
        data-testid="user-repos-count"
      >
        Found 30 repositories
      </p>
    </div>
    <ul
      class="sc-gLLvby iXzDYo"
    >
      <li
        class="sc-iBdmCd cJQiTP"
      >
        <h2
          class="sc-fsYeqs eIEwIc"
          data-testid="repo-name-26"
        >
          Repository 26
        </h2>
        <p
          class="sc-qZqnM iOLHeu"
          data-testid="repo-description-26"
        >
          Description of Repository 26
        </p>
      </li>
      <li
        class="sc-iBdmCd cJQiTP"
      >
        <h2
          class="sc-fsYeqs eIEwIc"
          data-testid="repo-name-27"
        >
          Repository 27
        </h2>
        <p
          class="sc-qZqnM iOLHeu"
          data-testid="repo-description-27"
        >
          Description of Repository 27
        </p>
      </li>
      <li
        class="sc-iBdmCd cJQiTP"
      >
        <h2
          class="sc-fsYeqs eIEwIc"
          data-testid="repo-name-28"
        >
          Repository 28
        </h2>
        <p
          class="sc-qZqnM iOLHeu"
          data-testid="repo-description-28"
        >
          Description of Repository 28
        </p>
      </li>
      <li
        class="sc-iBdmCd cJQiTP"
      >
        <h2
          class="sc-fsYeqs eIEwIc"
          data-testid="repo-name-29"
        >
          Repository 29
        </h2>
        <p
          class="sc-qZqnM iOLHeu"
          data-testid="repo-description-29"
        >
          Description of Repository 29
        </p>
      </li>
      <li
        class="sc-iBdmCd cJQiTP"
      >
        <h2
          class="sc-fsYeqs eIEwIc"
          data-testid="repo-name-30"
        >
          Repository 30
        </h2>
        <p
          class="sc-qZqnM iOLHeu"
          data-testid="repo-description-30"
        >
          Description of Repository 30
        </p>
      </li>
    </ul>
    <div
      class="sc-jsEegt eoPztV"
    >
      <button
        class="sc-kFCsca kGWwQt"
        data-testid="previous-page-button"
      >
        Previous
      </button>
      <span
        class="sc-csKIKE dKxdqC"
        data-testid="page-count"
      >
        6/6
      </span>
    </div>
    <a
      class="sc-irLwvL elpMmb"
      data-testid="back-link"
      href="/"
    >
      Back
    </a>
  </main>
</DocumentFragment>
`;
